2026-06-19T17:32:14.972535700255-17:32:14 **** Build of project StationVT ****
000-buildplatform.bat 63000 StationVT  
000-XSDB Server Channel: tcfchan#3
000-Reading the platform  : "StationVT"
000-Reading the platform  : "StationVT"
000-No Platform exists with name:  StationVT
000-    invoked from within
000-"::tcf::eval -progress {apply {{msg} {puts $msg}}} {tcf_send_command tcfchan#0 xsdb eval s es {{platform active StationVT; platform generate }}}"
000-    (procedure "::tcf::send_command" line 4)
000-    invoked from within
000-"tcf send_command $::xsdb::curchan xsdb eval s es [list "platform active $PLATFORM_NAME; platform generate $target"]"
000-    invoked from within
000-"if { $iswindows == 1 } {    
000-
000-    set XSDB_PORT [lindex $argv 0]
000-    set PLATFORM_NAME [lindex $argv 1]
000-    set arglen [llength $argv]
000-    set lastind..."
000-    (file "E:/Xilinx/Vitis/2023.2\scripts\vitis\util\buildplatform.tcl" line 11)
00255-
17:32:19 Build Finished (took 4s.107ms)

